Archive member included to satisfy reference by file (symbol)

c:/ac6/systemworkbench/plugins/fr.ac6.mcu.externaltools.arm-none.win32_1.17.0.201812190825/tools/compiler/bin/../lib/gcc/arm-none-eabi/7.3.1/../../../../arm-none-eabi/lib/thumb/v7-m\libc_nano.a(lib_a-errno.o)
                              Src/syscalls.o (__errno)
c:/ac6/systemworkbench/plugins/fr.ac6.mcu.externaltools.arm-none.win32_1.17.0.201812190825/tools/compiler/bin/../lib/gcc/arm-none-eabi/7.3.1/../../../../arm-none-eabi/lib/thumb/v7-m\libc_nano.a(lib_a-exit.o)
                              c:/ac6/systemworkbench/plugins/fr.ac6.mcu.externaltools.arm-none.win32_1.17.0.201812190825/tools/compiler/bin/../lib/gcc/arm-none-eabi/7.3.1/../../../../arm-none-eabi/lib/thumb/v7-m/crt0.o (exit)
c:/ac6/systemworkbench/plugins/fr.ac6.mcu.externaltools.arm-none.win32_1.17.0.201812190825/tools/compiler/bin/../lib/gcc/arm-none-eabi/7.3.1/../../../../arm-none-eabi/lib/thumb/v7-m\libc_nano.a(lib_a-impure.o)
                              c:/ac6/systemworkbench/plugins/fr.ac6.mcu.externaltools.arm-none.win32_1.17.0.201812190825/tools/compiler/bin/../lib/gcc/arm-none-eabi/7.3.1/../../../../arm-none-eabi/lib/thumb/v7-m\libc_nano.a(lib_a-exit.o) (_global_impure_ptr)
c:/ac6/systemworkbench/plugins/fr.ac6.mcu.externaltools.arm-none.win32_1.17.0.201812190825/tools/compiler/bin/../lib/gcc/arm-none-eabi/7.3.1/../../../../arm-none-eabi/lib/thumb/v7-m\libc_nano.a(lib_a-init.o)
                              c:/ac6/systemworkbench/plugins/fr.ac6.mcu.externaltools.arm-none.win32_1.17.0.201812190825/tools/compiler/bin/../lib/gcc/arm-none-eabi/7.3.1/../../../../arm-none-eabi/lib/thumb/v7-m/crt0.o (__libc_init_array)
c:/ac6/systemworkbench/plugins/fr.ac6.mcu.externaltools.arm-none.win32_1.17.0.201812190825/tools/compiler/bin/../lib/gcc/arm-none-eabi/7.3.1/../../../../arm-none-eabi/lib/thumb/v7-m\libc_nano.a(lib_a-memset.o)
                              c:/ac6/systemworkbench/plugins/fr.ac6.mcu.externaltools.arm-none.win32_1.17.0.201812190825/tools/compiler/bin/../lib/gcc/arm-none-eabi/7.3.1/../../../../arm-none-eabi/lib/thumb/v7-m/crt0.o (memset)

Allocating common symbols
Common symbol       size              file

uwTick              0x4               Drivers/STM32L1xx_HAL_Driver/Src/stm32l1xx_hal.o
pFlash              0x18              Drivers/STM32L1xx_HAL_Driver/Src/stm32l1xx_hal_flash.o

Discarded input sections

 .text          0x00000000        0x0 c:/ac6/systemworkbench/plugins/fr.ac6.mcu.externaltools.arm-none.win32_1.17.0.201812190825/tools/compiler/bin/../lib/gcc/arm-none-eabi/7.3.1/thumb/v7-m/crti.o
 .data          0x00000000        0x0 c:/ac6/systemworkbench/plugins/fr.ac6.mcu.externaltools.arm-none.win32_1.17.0.201812190825/tools/compiler/bin/../lib/gcc/arm-none-eabi/7.3.1/thumb/v7-m/crti.o
 .bss           0x00000000        0x0 c:/ac6/systemworkbench/plugins/fr.ac6.mcu.externaltools.arm-none.win32_1.17.0.201812190825/tools/compiler/bin/../lib/gcc/arm-none-eabi/7.3.1/thumb/v7-m/crti.o
 .data          0x00000000        0x4 c:/ac6/systemworkbench/plugins/fr.ac6.mcu.externaltools.arm-none.win32_1.17.0.201812190825/tools/compiler/bin/../lib/gcc/arm-none-eabi/7.3.1/thumb/v7-m/crtbegin.o
 .text          0x00000000       0x74 c:/ac6/systemworkbench/plugins/fr.ac6.mcu.externaltools.arm-none.win32_1.17.0.201812190825/tools/compiler/bin/../lib/gcc/arm-none-eabi/7.3.1/../../../../arm-none-eabi/lib/thumb/v7-m/crt0.o
 .data          0x00000000        0x0 c:/ac6/systemworkbench/plugins/fr.ac6.mcu.externaltools.arm-none.win32_1.17.0.201812190825/tools/compiler/bin/../lib/gcc/arm-none-eabi/7.3.1/../../../../arm-none-eabi/lib/thumb/v7-m/crt0.o
 .bss           0x00000000        0x0 c:/ac6/systemworkbench/plugins/fr.ac6.mcu.externaltools.arm-none.win32_1.17.0.201812190825/tools/compiler/bin/../lib/gcc/arm-none-eabi/7.3.1/../../../../arm-none-eabi/lib/thumb/v7-m/crt0.o
 .ARM.extab     0x00000000        0x0 c:/ac6/systemworkbench/plugins/fr.ac6.mcu.externaltools.arm-none.win32_1.17.0.201812190825/tools/compiler/bin/../lib/gcc/arm-none-eabi/7.3.1/../../../../arm-none-eabi/lib/thumb/v7-m/crt0.o
 .ARM.exidx     0x00000000        0x8 c:/ac6/systemworkbench/plugins/fr.ac6.mcu.externaltools.arm-none.win32_1.17.0.201812190825/tools/compiler/bin/../lib/gcc/arm-none-eabi/7.3.1/../../../../arm-none-eabi/lib/thumb/v7-m/crt0.o
 .ARM.attributes
                0x00000000       0x1b c:/ac6/systemworkbench/plugins/fr.ac6.mcu.externaltools.arm-none.win32_1.17.0.201812190825/tools/compiler/bin/../lib/gcc/arm-none-eabi/7.3.1/../../../../arm-none-eabi/lib/thumb/v7-m/crt0.o
 .group         0x00000000        0xc Drivers/STM32L1xx_HAL_Driver/Src/stm32l1xx_hal.o
 .group         0x00000000        0xc Drivers/STM32L1xx_HAL_Driver/Src/stm32l1xx_hal.o
 .group         0x00000000        0xc Drivers/STM32L1xx_HAL_Driver/Src/stm32l1xx_hal.o
 .group         0x00000000        0xc Drivers/STM32L1xx_HAL_Driver/Src/stm32l1xx_hal.o
 .group         0x00000000        0xc Drivers/STM32L1xx_HAL_Driver/Src/stm32l1xx_hal.o
[...]
Memory Configuration

Name             Origin             Length             Attributes
RAM              0x20000000         0x00004000         xrw
FLASH            0x08000000         0x00040000         xr
*default*        0x00000000         0xffffffff

Linker script and memory map

LOAD c:/ac6/systemworkbench/plugins/fr.ac6.mcu.externaltools.arm-none.win32_1.17.0.201812190825/tools/compiler/bin/../lib/gcc/arm-none-eabi/7.3.1/thumb/v7-m/crti.o
LOAD c:/ac6/systemworkbench/plugins/fr.ac6.mcu.externaltools.arm-none.win32_1.17.0.201812190825/tools/compiler/bin/../lib/gcc/arm-none-eabi/7.3.1/thumb/v7-m/crtbegin.o
LOAD c:/ac6/systemworkbench/plugins/fr.ac6.mcu.externaltools.arm-none.win32_1.17.0.201812190825/tools/compiler/bin/../lib/gcc/arm-none-eabi/7.3.1/../../../../arm-none-eabi/lib/thumb/v7-m/crt0.o
LOAD Drivers/STM32L1xx_HAL_Driver/Src/stm32l1xx_hal.o
LOAD Drivers/STM32L1xx_HAL_Driver/Src/stm32l1xx_hal_cortex.o
LOAD Drivers/STM32L1xx_HAL_Driver/Src/stm32l1xx_hal_dma.o
LOAD Drivers/STM32L1xx_HAL_Driver/Src/stm32l1xx_hal_flash.o
LOAD Drivers/STM32L1xx_HAL_Driver/Src/stm32l1xx_hal_flash_ex.o
LOAD Drivers/STM32L1xx_HAL_Driver/Src/stm32l1xx_hal_flash_ramfunc.o
LOAD Drivers/STM32L1xx_HAL_Driver/Src/stm32l1xx_hal_gpio.o
LOAD Drivers/STM32L1xx_HAL_Driver/Src/stm32l1xx_hal_pwr.o
LOAD Drivers/STM32L1xx_HAL_Driver/Src/stm32l1xx_hal_pwr_ex.o
LOAD Drivers/STM32L1xx_HAL_Driver/Src/stm32l1xx_hal_rcc.o
LOAD Drivers/STM32L1xx_HAL_Driver/Src/stm32l1xx_hal_rcc_ex.o
LOAD Drivers/STM32L1xx_HAL_Driver/Src/stm32l1xx_hal_tim.o
LOAD Drivers/STM32L1xx_HAL_Driver/Src/stm32l1xx_hal_tim_ex.o
LOAD Src/main.o
LOAD Src/stm32l1xx_hal_msp.o
LOAD Src/stm32l1xx_it.o
LOAD Src/syscalls.o
LOAD Src/system_stm32l1xx.o
LOAD startup/startup_stm32l100xc.o
LOAD c:/ac6/systemworkbench/plugins/fr.ac6.mcu.externaltools.arm-none.win32_1.17.0.201812190825/tools/compiler/bin/../lib/gcc/arm-none-eabi/7.3.1/../../../../arm-none-eabi/lib/thumb/v7-m\libm.a
START GROUP
LOAD c:/ac6/systemworkbench/plugins/fr.ac6.mcu.externaltools.arm-none.win32_1.17.0.201812190825/tools/compiler/bin/../lib/gcc/arm-none-eabi/7.3.1/thumb/v7-m\libgcc.a
LOAD c:/ac6/systemworkbench/plugins/fr.ac6.mcu.externaltools.arm-none.win32_1.17.0.201812190825/tools/compiler/bin/../lib/gcc/arm-none-eabi/7.3.1/../../../../arm-none-eabi/lib/thumb/v7-m\libc_nano.a
END GROUP
START GROUP
LOAD c:/ac6/systemworkbench/plugins/fr.ac6.mcu.externaltools.arm-none.win32_1.17.0.201812190825/tools/compiler/bin/../lib/gcc/arm-none-eabi/7.3.1/thumb/v7-m\libgcc.a
LOAD c:/ac6/systemworkbench/plugins/fr.ac6.mcu.externaltools.arm-none.win32_1.17.0.201812190825/tools/compiler/bin/../lib/gcc/arm-none-eabi/7.3.1/../../../../arm-none-eabi/lib/thumb/v7-m\libc_nano.a
LOAD c:/ac6/systemworkbench/plugins/fr.ac6.mcu.externaltools.arm-none.win32_1.17.0.201812190825/tools/compiler/bin/../lib/gcc/arm-none-eabi/7.3.1/../../../../arm-none-eabi/lib/thumb/v7-m\libnosys.a
END GROUP
START GROUP
LOAD c:/ac6/systemworkbench/plugins/fr.ac6.mcu.externaltools.arm-none.win32_1.17.0.201812190825/tools/compiler/bin/../lib/gcc/arm-none-eabi/7.3.1/thumb/v7-m\libgcc.a
LOAD c:/ac6/systemworkbench/plugins/fr.ac6.mcu.externaltools.arm-none.win32_1.17.0.201812190825/tools/compiler/bin/../lib/gcc/arm-none-eabi/7.3.1/../../../../arm-none-eabi/lib/thumb/v7-m\libc_nano.a
LOAD c:/ac6/systemworkbench/plugins/fr.ac6.mcu.externaltools.arm-none.win32_1.17.0.201812190825/tools/compiler/bin/../lib/gcc/arm-none-eabi/7.3.1/../../../../arm-none-eabi/lib/thumb/v7-m\libnosys.a
END GROUP
LOAD c:/ac6/systemworkbench/plugins/fr.ac6.mcu.externaltools.arm-none.win32_1.17.0.201812190825/tools/compiler/bin/../lib/gcc/arm-none-eabi/7.3.1/thumb/v7-m/crtend.o
LOAD c:/ac6/systemworkbench/plugins/fr.ac6.mcu.externaltools.arm-none.win32_1.17.0.201812190825/tools/compiler/bin/../lib/gcc/arm-none-eabi/7.3.1/thumb/v7-m/crtn.o
                0x20004000                _estack = 0x20004000
                0x00000200                _Min_Heap_Size = 0x200
                0x00000400                _Min_Stack_Size = 0x400

.isr_vector     0x08000000      0x13c
                0x08000000                . = ALIGN (0x4)
 *(.isr_vector)
 .isr_vector    0x08000000      0x13c startup/startup_stm32l100xc.o
                0x08000000                g_pfnVectors
                0x0800013c                . = ALIGN (0x4)

.text           0x0800013c      0xde4
                0x0800013c                . = ALIGN (0x4)
 *(.text)
 .text          0x0800013c       0x40 c:/ac6/systemworkbench/plugins/fr.ac6.mcu.externaltools.arm-none.win32_1.17.0.201812190825/tools/compiler/bin/../lib/gcc/arm-none-eabi/7.3.1/thumb/v7-m/crtbegin.o
 *(.text*)
 .text.HAL_InitTick
                0x0800017c       0x4c Drivers/STM32L1xx_HAL_Driver/Src/stm32l1xx_hal.o
                0x0800017c                HAL_InitTick
 .text.HAL_Init
                0x080001c8       0x1e Drivers/STM32L1xx_HAL_Driver/Src/stm32l1xx_hal.o
                0x080001c8                HAL_Init
 *fill*         0x080001e6        0x2 
 .text.HAL_IncTick
                0x080001e8       0x18 Drivers/STM32L1xx_HAL_Driver/Src/stm32l1xx_hal.o
                0x080001e8                HAL_IncTick
 .text.HAL_GetTick
                0x08000200        0xc Drivers/STM32L1xx_HAL_Driver/Src/stm32l1xx_hal.o
                0x08000200                HAL_GetTick
 .text.HAL_NVIC_SetPriorityGrouping
                0x0800020c       0x24 Drivers/STM32L1xx_HAL_Driver/Src/stm32l1xx_hal_cortex.o
                0x0800020c                HAL_NVIC_SetPriorityGrouping
 .text.HAL_NVIC_SetPriority
                0x08000230       0x68 Drivers/STM32L1xx_HAL_Driver/Src/stm32l1xx_hal_cortex.o
                0x08000230                HAL_NVIC_SetPriority
 .text.HAL_SYSTICK_Config
                0x08000298       0x2c Drivers/STM32L1xx_HAL_Driver/Src/stm32l1xx_hal_cortex.o
                0x08000298                HAL_SYSTICK_Config
 .text.HAL_GPIO_Init
                0x080002c4      0x188 Drivers/STM32L1xx_HAL_Driver/Src/stm32l1xx_hal_gpio.o
                0x080002c4                HAL_GPIO_Init
 .text.HAL_GPIO_ReadPin
                0x0800044c        0xe Drivers/STM32L1xx_HAL_Driver/Src/stm32l1xx_hal_gpio.o
                0x0800044c                HAL_GPIO_ReadPin
 .text.HAL_GPIO_WritePin
                0x0800045a        0xc Drivers/STM32L1xx_HAL_Driver/Src/stm32l1xx_hal_gpio.o
                0x0800045a                HAL_GPIO_WritePin
 *fill*         0x08000466        0x2 
 .text.RCC_SetFlashLatencyFromMSIRange
                0x08000468       0x94 Drivers/STM32L1xx_HAL_Driver/Src/stm32l1xx_hal_rcc.o
 .text.HAL_RCC_OscConfig
                0x080004fc      0x4fc Drivers/STM32L1xx_HAL_Driver/Src/stm32l1xx_hal_rcc.o
                0x080004fc                HAL_RCC_OscConfig
 .text.HAL_RCC_GetSysClockFreq
                0x080009f8       0x70 Drivers/STM32L1xx_HAL_Driver/Src/stm32l1xx_hal_rcc.o
                0x080009f8                HAL_RCC_GetSysClockFreq
 .text.HAL_RCC_ClockConfig
                0x08000a68      0x1dc Drivers/STM32L1xx_HAL_Driver/Src/stm32l1xx_hal_rcc.o
                0x08000a68                HAL_RCC_ClockConfig
 .text.MX_GPIO_Init
                0x08000c44       0xac Src/main.o
 .text.SystemClock_Config
                0x08000cf0       0x68 Src/main.o
                0x08000cf0                SystemClock_Config
 .text.main     0x08000d58       0x68 Src/main.o
                0x08000d58                main
 .text.HAL_MspInit
                0x08000dc0       0x44 Src/stm32l1xx_hal_msp.o
                0x08000dc0                HAL_MspInit
 .text.NMI_Handler
                0x08000e04        0x2 Src/stm32l1xx_it.o
                0x08000e04                NMI_Handler
 .text.HardFault_Handler
                0x08000e06        0x2 Src/stm32l1xx_it.o
                0x08000e06                HardFault_Handler
 .text.MemManage_Handler
                0x08000e08        0x2 Src/stm32l1xx_it.o
                0x08000e08                MemManage_Handler
 .text.BusFault_Handler
                0x08000e0a        0x2 Src/stm32l1xx_it.o
                0x08000e0a                BusFault_Handler
 .text.UsageFault_Handler
                0x08000e0c        0x2 Src/stm32l1xx_it.o
                0x08000e0c                UsageFault_Handler
 .text.SVC_Handler
                0x08000e0e        0x2 Src/stm32l1xx_it.o
                0x08000e0e                SVC_Handler
 .text.DebugMon_Handler
                0x08000e10        0x2 Src/stm32l1xx_it.o
                0x08000e10                DebugMon_Handler
 .text.PendSV_Handler
                0x08000e12        0x2 Src/stm32l1xx_it.o
                0x08000e12                PendSV_Handler
 .text.SysTick_Handler
                0x08000e14        0x8 Src/stm32l1xx_it.o
                0x08000e14                SysTick_Handler
 .text.SystemInit
                0x08000e1c       0x48 Src/system_stm32l1xx.o
                0x08000e1c                SystemInit
 .text.Reset_Handler
                0x08000e64       0x48 startup/startup_stm32l100xc.o
                0x08000e64                Reset_Handler
 .text.Default_Handler
                0x08000eac        0x2 startup/startup_stm32l100xc.o
                0x08000eac                RTC_Alarm_IRQHandler
                0x08000eac                EXTI2_IRQHandler
                0x08000eac                COMP_ACQ_IRQHandler
                0x08000eac                TIM10_IRQHandler
                0x08000eac                USB_HP_IRQHandler
                0x08000eac                TIM6_IRQHandler
                0x08000eac                PVD_IRQHandler
                0x08000eac                EXTI3_IRQHandler
                0x08000eac                EXTI0_IRQHandler
                0x08000eac                I2C2_EV_IRQHandler
                0x08000eac                SPI1_IRQHandler
                0x08000eac                USB_FS_WKUP_IRQHandler
                0x08000eac                DMA2_Channel2_IRQHandler
                0x08000eac                DMA1_Channel4_IRQHandler
                0x08000eac                ADC1_IRQHandler
                0x08000eac                USART3_IRQHandler
                0x08000eac                DMA1_Channel7_IRQHandler
                0x08000eac                LCD_IRQHandler
                0x08000eac                TIM4_IRQHandler
                0x08000eac                DMA2_Channel1_IRQHandler
                0x08000eac                I2C1_EV_IRQHandler
                0x08000eac                DMA1_Channel6_IRQHandler
                0x08000eac                DMA2_Channel4_IRQHandler
                0x08000eac                TIM3_IRQHandler
                0x08000eac                RCC_IRQHandler
                0x08000eac                DMA1_Channel1_IRQHandler
                0x08000eac                Default_Handler
                0x08000eac                EXTI15_10_IRQHandler
                0x08000eac                TIM7_IRQHandler
                0x08000eac                EXTI9_5_IRQHandler
                0x08000eac                TIM9_IRQHandler
                0x08000eac                TAMPER_STAMP_IRQHandler
                0x08000eac                RTC_WKUP_IRQHandler
                0x08000eac                SPI2_IRQHandler
                0x08000eac                DMA2_Channel5_IRQHandler
                0x08000eac                DMA1_Channel5_IRQHandler
                0x08000eac                USB_LP_IRQHandler
                0x08000eac                EXTI4_IRQHandler
                0x08000eac                DMA1_Channel3_IRQHandler
                0x08000eac                COMP_IRQHandler
                0x08000eac                WWDG_IRQHandler
                0x08000eac                TIM2_IRQHandler
                0x08000eac                DAC_IRQHandler
                0x08000eac                EXTI1_IRQHandler
                0x08000eac                TIM11_IRQHandler
                0x08000eac                USART2_IRQHandler
                0x08000eac                I2C2_ER_IRQHandler
                0x08000eac                DMA1_Channel2_IRQHandler
                0x08000eac                FLASH_IRQHandler
                0x08000eac                USART1_IRQHandler
                0x08000eac                SPI3_IRQHandler
                0x08000eac                I2C1_ER_IRQHandler
                0x08000eac                DMA2_Channel3_IRQHandler
 *fill*         0x08000eae        0x2 
 .text.__libc_init_array
                0x08000eb0       0x48 c:/ac6/systemworkbench/plugins/fr.ac6.mcu.externaltools.arm-none.win32_1.17.0.201812190825/tools/compiler/bin/../lib/gcc/arm-none-eabi/7.3.1/../../../../arm-none-eabi/lib/thumb/v7-m\libc_nano.a(lib_a-init.o)
                0x08000eb0                __libc_init_array
 .text.memset   0x08000ef8       0x10 c:/ac6/systemworkbench/plugins/fr.ac6.mcu.externaltools.arm-none.win32_1.17.0.201812190825/tools/compiler/bin/../lib/gcc/arm-none-eabi/7.3.1/../../../../arm-none-eabi/lib/thumb/v7-m\libc_nano.a(lib_a-memset.o)
                0x08000ef8                memset
 *(.glue_7)
 .glue_7        0x08000f08        0x0 linker stubs
 *(.glue_7t)
 .glue_7t       0x08000f08        0x0 linker stubs
 *(.eh_frame)
 .eh_frame      0x08000f08        0x0 c:/ac6/systemworkbench/plugins/fr.ac6.mcu.externaltools.arm-none.win32_1.17.0.201812190825/tools/compiler/bin/../lib/gcc/arm-none-eabi/7.3.1/thumb/v7-m/crtbegin.o
 *(.init)
 .init          0x08000f08        0x4 c:/ac6/systemworkbench/plugins/fr.ac6.mcu.externaltools.arm-none.win32_1.17.0.201812190825/tools/compiler/bin/../lib/gcc/arm-none-eabi/7.3.1/thumb/v7-m/crti.o
                0x08000f08                _init
 .init          0x08000f0c        0x8 c:/ac6/systemworkbench/plugins/fr.ac6.mcu.externaltools.arm-none.win32_1.17.0.201812190825/tools/compiler/bin/../lib/gcc/arm-none-eabi/7.3.1/thumb/v7-m/crtn.o
 *(.fini)
 .fini          0x08000f14        0x4 c:/ac6/systemworkbench/plugins/fr.ac6.mcu.externaltools.arm-none.win32_1.17.0.201812190825/tools/compiler/bin/../lib/gcc/arm-none-eabi/7.3.1/thumb/v7-m/crti.o
                0x08000f14                _fini
 .fini          0x08000f18        0x8 c:/ac6/systemworkbench/plugins/fr.ac6.mcu.externaltools.arm-none.win32_1.17.0.201812190825/tools/compiler/bin/../lib/gcc/arm-none-eabi/7.3.1/thumb/v7-m/crtn.o
                0x08000f20                . = ALIGN (0x4)
                0x08000f20                _etext = .

.vfp11_veneer   0x08000f20        0x0
 .vfp11_veneer  0x08000f20        0x0 linker stubs

.v4_bx          0x08000f20        0x0
 .v4_bx         0x08000f20        0x0 linker stubs

.iplt           0x08000f20        0x0
 .iplt          0x08000f20        0x0 c:/ac6/systemworkbench/plugins/fr.ac6.mcu.externaltools.arm-none.win32_1.17.0.201812190825/tools/compiler/bin/../lib/gcc/arm-none-eabi/7.3.1/thumb/v7-m/crtbegin.o

.rodata         0x08000f20       0x24
                0x08000f20                . = ALIGN (0x4)
 *(.rodata)
 .rodata        0x08000f20       0x24 Src/system_stm32l1xx.o
                0x08000f20                PLLMulTable
                0x08000f2c                AHBPrescTable
                0x08000f3c                APBPrescTable
 *(.rodata*)
                0x08000f44                . = ALIGN (0x4)

.rel.dyn        0x08000f44        0x0
 .rel.iplt      0x08000f44        0x0 c:/ac6/systemworkbench/plugins/fr.ac6.mcu.externaltools.arm-none.win32_1.17.0.201812190825/tools/compiler/bin/../lib/gcc/arm-none-eabi/7.3.1/thumb/v7-m/crtbegin.o

.ARM.extab
 *(.ARM.extab* .gnu.linkonce.armextab.*)

.ARM            0x08000f44        0x0
                0x08000f44                __exidx_start = .
 *(.ARM.exidx*)
                0x08000f44                __exidx_end = .

.preinit_array  0x08000f44        0x0
                0x08000f44                PROVIDE (__preinit_array_start = .)
 *(.preinit_array*)
                0x08000f44                PROVIDE (__preinit_array_end = .)

.init_array     0x08000f44        0x4
                0x08000f44                PROVIDE (__init_array_start = .)
 *(SORT_BY_NAME(.init_array.*))
 *(.init_array*)
 .init_array    0x08000f44        0x4 c:/ac6/systemworkbench/plugins/fr.ac6.mcu.externaltools.arm-none.win32_1.17.0.201812190825/tools/compiler/bin/../lib/gcc/arm-none-eabi/7.3.1/thumb/v7-m/crtbegin.o
                0x08000f48                PROVIDE (__init_array_end = .)

.fini_array     0x08000f48        0x4
                [!provide]                PROVIDE (__fini_array_start = .)
 *(SORT_BY_NAME(.fini_array.*))
 *(.fini_array*)
 .fini_array    0x08000f48        0x4 c:/ac6/systemworkbench/plugins/fr.ac6.mcu.externaltools.arm-none.win32_1.17.0.201812190825/tools/compiler/bin/../lib/gcc/arm-none-eabi/7.3.1/thumb/v7-m/crtbegin.o
                [!provide]                PROVIDE (__fini_array_end = .)
                0x08000f4c                _sidata = LOADADDR (.data)

.data           0x20000000        0xc load address 0x08000f4c
                0x20000000                . = ALIGN (0x4)
                0x20000000                _sdata = .
 *(.data)
 .data          0x20000000        0x8 Drivers/STM32L1xx_HAL_Driver/Src/stm32l1xx_hal.o
                0x20000000                uwTickFreq
                0x20000004                uwTickPrio
 .data          0x20000008        0x4 Src/system_stm32l1xx.o
                0x20000008                SystemCoreClock
 *(.data*)
                0x2000000c                . = ALIGN (0x4)
                0x2000000c                _edata = .

.igot.plt       0x2000000c        0x0 load address 0x08000f58
 .igot.plt      0x2000000c        0x0 c:/ac6/systemworkbench/plugins/fr.ac6.mcu.externaltools.arm-none.win32_1.17.0.201812190825/tools/compiler/bin/../lib/gcc/arm-none-eabi/7.3.1/thumb/v7-m/crtbegin.o
                0x2000000c                . = ALIGN (0x4)

.bss            0x2000000c       0x20 load address 0x08000f58
                0x2000000c                _sbss = .
                0x2000000c                __bss_start__ = _sbss
 *(.bss)
 .bss           0x2000000c       0x1c c:/ac6/systemworkbench/plugins/fr.ac6.mcu.externaltools.arm-none.win32_1.17.0.201812190825/tools/compiler/bin/../lib/gcc/arm-none-eabi/7.3.1/thumb/v7-m/crtbegin.o
 *(.bss*)
 *(COMMON)
 COMMON         0x20000028        0x4 Drivers/STM32L1xx_HAL_Driver/Src/stm32l1xx_hal.o
                0x20000028                uwTick
                0x2000002c                . = ALIGN (0x4)
                0x2000002c                _ebss = .
                0x2000002c                __bss_end__ = _ebss

._user_heap_stack
                0x2000002c      0x604 load address 0x08000f58
                0x20000030                . = ALIGN (0x8)
 *fill*         0x2000002c        0x4 
                0x20000030                PROVIDE (end = .)
                [!provide]                PROVIDE (_end = .)
                0x20000230                . = (. + _Min_Heap_Size)
 *fill*         0x20000030      0x200 
                0x20000630                . = (. + _Min_Stack_Size)
 *fill*         0x20000230      0x400 
                0x20000630                . = ALIGN (0x8)

/DISCARD/
 libc.a(*)
 libm.a(*)
 libgcc.a(*)

.ARM.attributes
                0x00000000       0x29
 *(.ARM.attributes)
 .ARM.attributes
                0x00000000       0x1d c:/ac6/systemworkbench/plugins/fr.ac6.mcu.externaltools.arm-none.win32_1.17.0.201812190825/tools/compiler/bin/../lib/gcc/arm-none-eabi/7.3.1/thumb/v7-m/crti.o
 .ARM.attributes
                0x0000001d       0x2d c:/ac6/systemworkbench/plugins/fr.ac6.mcu.externaltools.arm-none.win32_1.17.0.201812190825/tools/compiler/bin/../lib/gcc/arm-none-eabi/7.3.1/thumb/v7-m/crtbegin.o
 .ARM.attributes
                0x0000004a       0x33 Drivers/STM32L1xx_HAL_Driver/Src/stm32l1xx_hal.o
 .ARM.attributes
                0x0000007d       0x33 Drivers/STM32L1xx_HAL_Driver/Src/stm32l1xx_hal_cortex.o
 .ARM.attributes
                0x000000b0       0x33 Drivers/STM32L1xx_HAL_Driver/Src/stm32l1xx_hal_gpio.o
 .ARM.attributes
                0x000000e3       0x33 Drivers/STM32L1xx_HAL_Driver/Src/stm32l1xx_hal_rcc.o
 .ARM.attributes
                0x00000116       0x33 Src/main.o
 .ARM.attributes
                0x00000149       0x33 Src/stm32l1xx_hal_msp.o
 .ARM.attributes
                0x0000017c       0x33 Src/stm32l1xx_it.o
 .ARM.attributes
                0x000001af       0x33 Src/system_stm32l1xx.o
 .ARM.attributes
                0x000001e2       0x21 startup/startup_stm32l100xc.o
 .ARM.attributes
                0x00000203       0x2d c:/ac6/systemworkbench/plugins/fr.ac6.mcu.externaltools.arm-none.win32_1.17.0.201812190825/tools/compiler/bin/../lib/gcc/arm-none-eabi/7.3.1/../../../../arm-none-eabi/lib/thumb/v7-m\libc_nano.a(lib_a-init.o)
 .ARM.attributes
                0x00000230       0x2d c:/ac6/systemworkbench/plugins/fr.ac6.mcu.externaltools.arm-none.win32_1.17.0.201812190825/tools/compiler/bin/../lib/gcc/arm-none-eabi/7.3.1/../../../../arm-none-eabi/lib/thumb/v7-m\libc_nano.a(lib_a-memset.o)
 .ARM.attributes
                0x0000025d       0x1d c:/ac6/systemworkbench/plugins/fr.ac6.mcu.externaltools.arm-none.win32_1.17.0.201812190825/tools/compiler/bin/../lib/gcc/arm-none-eabi/7.3.1/thumb/v7-m/crtn.o
OUTPUT(Relay.elf elf32-littlearm)

.debug_info     0x00000000     0x396d
 .debug_info    0x00000000      0x7b6 Drivers/STM32L1xx_HAL_Driver/Src/stm32l1xx_hal.o
 .debug_info    0x000007b6      0xed7 Drivers/STM32L1xx_HAL_Driver/Src/stm32l1xx_hal_cortex.o
 .debug_info    0x0000168d      0x6a8 Drivers/STM32L1xx_HAL_Driver/Src/stm32l1xx_hal_gpio.o
 .debug_info    0x00001d35      0xb33 Drivers/STM32L1xx_HAL_Driver/Src/stm32l1xx_hal_rcc.o
 .debug_info    0x00002868      0x7c5 Src/main.o
 .debug_info    0x0000302d      0x290 Src/stm32l1xx_hal_msp.o
 .debug_info    0x000032bd      0x216 Src/stm32l1xx_it.o
 .debug_info    0x000034d3      0x478 Src/system_stm32l1xx.o
 .debug_info    0x0000394b       0x22 startup/startup_stm32l100xc.o

.debug_abbrev   0x00000000      0xe31
 .debug_abbrev  0x00000000      0x227 Drivers/STM32L1xx_HAL_Driver/Src/stm32l1xx_hal.o
 .debug_abbrev  0x00000227      0x328 Drivers/STM32L1xx_HAL_Driver/Src/stm32l1xx_hal_cortex.o
 .debug_abbrev  0x0000054f      0x1e7 Drivers/STM32L1xx_HAL_Driver/Src/stm32l1xx_hal_gpio.o
 .debug_abbrev  0x00000736      0x253 Drivers/STM32L1xx_HAL_Driver/Src/stm32l1xx_hal_rcc.o
 .debug_abbrev  0x00000989      0x1cc Src/main.o
 .debug_abbrev  0x00000b55       0xef Src/stm32l1xx_hal_msp.o
 .debug_abbrev  0x00000c44       0xca Src/stm32l1xx_it.o
 .debug_abbrev  0x00000d0e      0x111 Src/system_stm32l1xx.o
 .debug_abbrev  0x00000e1f       0x12 startup/startup_stm32l100xc.o

.debug_loc      0x00000000     0x11e9
 .debug_loc     0x00000000      0x17b Drivers/STM32L1xx_HAL_Driver/Src/stm32l1xx_hal.o
 .debug_loc     0x0000017b      0x5ce Drivers/STM32L1xx_HAL_Driver/Src/stm32l1xx_hal_cortex.o
 .debug_loc     0x00000749      0x3b6 Drivers/STM32L1xx_HAL_Driver/Src/stm32l1xx_hal_gpio.o
 .debug_loc     0x00000aff      0x55b Drivers/STM32L1xx_HAL_Driver/Src/stm32l1xx_hal_rcc.o
 .debug_loc     0x0000105a      0x18f Src/system_stm32l1xx.o

.debug_aranges  0x00000000      0x378
 .debug_aranges
                0x00000000       0xe0 Drivers/STM32L1xx_HAL_Driver/Src/stm32l1xx_hal.o
 .debug_aranges
                0x000000e0       0xa8 Drivers/STM32L1xx_HAL_Driver/Src/stm32l1xx_hal_cortex.o
 .debug_aranges
                0x00000188       0x58 Drivers/STM32L1xx_HAL_Driver/Src/stm32l1xx_hal_gpio.o
 .debug_aranges
                0x000001e0       0x90 Drivers/STM32L1xx_HAL_Driver/Src/stm32l1xx_hal_rcc.o
 .debug_aranges
                0x00000270       0x38 Src/main.o
 .debug_aranges
                0x000002a8       0x20 Src/stm32l1xx_hal_msp.o
 .debug_aranges
                0x000002c8       0x60 Src/stm32l1xx_it.o
 .debug_aranges
                0x00000328       0x28 Src/system_stm32l1xx.o
 .debug_aranges
                0x00000350       0x28 startup/startup_stm32l100xc.o

.debug_ranges   0x00000000      0x368
 .debug_ranges  0x00000000       0xd0 Drivers/STM32L1xx_HAL_Driver/Src/stm32l1xx_hal.o
 .debug_ranges  0x000000d0       0xf8 Drivers/STM32L1xx_HAL_Driver/Src/stm32l1xx_hal_cortex.o
 .debug_ranges  0x000001c8       0x48 Drivers/STM32L1xx_HAL_Driver/Src/stm32l1xx_hal_gpio.o
 .debug_ranges  0x00000210       0x98 Drivers/STM32L1xx_HAL_Driver/Src/stm32l1xx_hal_rcc.o
 .debug_ranges  0x000002a8       0x28 Src/main.o
 .debug_ranges  0x000002d0       0x10 Src/stm32l1xx_hal_msp.o
 .debug_ranges  0x000002e0       0x50 Src/stm32l1xx_it.o
 .debug_ranges  0x00000330       0x18 Src/system_stm32l1xx.o
 .debug_ranges  0x00000348       0x20 startup/startup_stm32l100xc.o

.debug_macro    0x00000000    0x139bd
 .debug_macro   0x00000000      0x1aa Drivers/STM32L1xx_HAL_Driver/Src/stm32l1xx_hal.o
 .debug_macro   0x000001aa      0xa60 Drivers/STM32L1xx_HAL_Driver/Src/stm32l1xx_hal.o
 .debug_macro   0x00000c0a      0x100 Drivers/STM32L1xx_HAL_Driver/Src/stm32l1xx_hal.o
 .debug_macro   0x00000d0a       0x2e Drivers/STM32L1xx_HAL_Driver/Src/stm32l1xx_hal.o
 .debug_macro   0x00000d38       0x22 Drivers/STM32L1xx_HAL_Driver/Src/stm32l1xx_hal.o
 .debug_macro   0x00000d5a       0x22 Drivers/STM32L1xx_HAL_Driver/Src/stm32l1xx_hal.o
 .debug_macro   0x00000d7c       0x8e Drivers/STM32L1xx_HAL_Driver/Src/stm32l1xx_hal.o
 .debug_macro   0x00000e0a       0x51 Drivers/STM32L1xx_HAL_Driver/Src/stm32l1xx_hal.o
 .debug_macro   0x00000e5b       0xef Drivers/STM32L1xx_HAL_Driver/Src/stm32l1xx_hal.o
 .debug_macro   0x00000f4a       0x6a Drivers/STM32L1xx_HAL_Driver/Src/stm32l1xx_hal.o
 .debug_macro   0x00000fb4      0x1df Drivers/STM32L1xx_HAL_Driver/Src/stm32l1xx_hal.o
 .debug_macro   0x00001193       0x1c Drivers/STM32L1xx_HAL_Driver/Src/stm32l1xx_hal.o
 .debug_macro   0x000011af       0x22 Drivers/STM32L1xx_HAL_Driver/Src/stm32l1xx_hal.o
 .debug_macro   0x000011d1       0xc3 Drivers/STM32L1xx_HAL_Driver/Src/stm32l1xx_hal.o
 .debug_macro   0x00001294      0xe49 Drivers/STM32L1xx_HAL_Driver/Src/stm32l1xx_hal.o
 .debug_macro   0x000020dd      0x11f Drivers/STM32L1xx_HAL_Driver/Src/stm32l1xx_hal.o
 .debug_macro   0x000021fc     0xb5e1 Drivers/STM32L1xx_HAL_Driver/Src/stm32l1xx_hal.o
 .debug_macro   0x0000d7dd       0x43 Drivers/STM32L1xx_HAL_Driver/Src/stm32l1xx_hal.o
 .debug_macro   0x0000d820     0x3468 Drivers/STM32L1xx_HAL_Driver/Src/stm32l1xx_hal.o
 .debug_macro   0x00010c88      0x174 Drivers/STM32L1xx_HAL_Driver/Src/stm32l1xx_hal.o
 .debug_macro   0x00010dfc       0x4f Drivers/STM32L1xx_HAL_Driver/Src/stm32l1xx_hal.o
 .debug_macro   0x00010e4b      0xe38 Drivers/STM32L1xx_HAL_Driver/Src/stm32l1xx_hal.o
 .debug_macro   0x00011c83      0x171 Drivers/STM32L1xx_HAL_Driver/Src/stm32l1xx_hal.o
 .debug_macro   0x00011df4      0x13b Drivers/STM32L1xx_HAL_Driver/Src/stm32l1xx_hal.o
 .debug_macro   0x00011f2f       0xb3 Drivers/STM32L1xx_HAL_Driver/Src/stm32l1xx_hal.o
 .debug_macro   0x00011fe2      0x21e Drivers/STM32L1xx_HAL_Driver/Src/stm32l1xx_hal.o
 .debug_macro   0x00012200      0x236 Drivers/STM32L1xx_HAL_Driver/Src/stm32l1xx_hal.o
 .debug_macro   0x00012436      0x115 Drivers/STM32L1xx_HAL_Driver/Src/stm32l1xx_hal.o
 .debug_macro   0x0001254b      0x368 Drivers/STM32L1xx_HAL_Driver/Src/stm32l1xx_hal.o
 .debug_macro   0x000128b3      0x1e9 Drivers/STM32L1xx_HAL_Driver/Src/stm32l1xx_hal.o
 .debug_macro   0x00012a9c       0x1c Drivers/STM32L1xx_HAL_Driver/Src/stm32l1xx_hal.o
 .debug_macro   0x00012ab8      0x3e3 Drivers/STM32L1xx_HAL_Driver/Src/stm32l1xx_hal.o
 .debug_macro   0x00012e9b      0x186 Drivers/STM32L1xx_HAL_Driver/Src/stm32l1xx_hal_cortex.o
 .debug_macro   0x00013021      0x1be Drivers/STM32L1xx_HAL_Driver/Src/stm32l1xx_hal_gpio.o
 .debug_macro   0x000131df      0x198 Drivers/STM32L1xx_HAL_Driver/Src/stm32l1xx_hal_rcc.o
 .debug_macro   0x00013377      0x190 Src/main.o
 .debug_macro   0x00013507      0x190 Src/stm32l1xx_hal_msp.o
 .debug_macro   0x00013697      0x19a Src/stm32l1xx_it.o
 .debug_macro   0x00013831      0x18c Src/system_stm32l1xx.o

.debug_line     0x00000000     0x3e19
 .debug_line    0x00000000      0x858 Drivers/STM32L1xx_HAL_Driver/Src/stm32l1xx_hal.o
 .debug_line    0x00000858      0x8c3 Drivers/STM32L1xx_HAL_Driver/Src/stm32l1xx_hal_cortex.o
 .debug_line    0x0000111b      0x7c9 Drivers/STM32L1xx_HAL_Driver/Src/stm32l1xx_hal_gpio.o
 .debug_line    0x000018e4      0x9dc Drivers/STM32L1xx_HAL_Driver/Src/stm32l1xx_hal_rcc.o
 .debug_line    0x000022c0      0x6d5 Src/main.o
 .debug_line    0x00002995      0x671 Src/stm32l1xx_hal_msp.o
 .debug_line    0x00003006      0x700 Src/stm32l1xx_it.o
 .debug_line    0x00003706      0x696 Src/system_stm32l1xx.o
 .debug_line    0x00003d9c       0x7d startup/startup_stm32l100xc.o

.debug_str      0x00000000    0x79c8c
 .debug_str     0x00000000    0x79058 Drivers/STM32L1xx_HAL_Driver/Src/stm32l1xx_hal.o
                              0x79398 (size before relaxing)
 .debug_str     0x00079058      0x3eb Drivers/STM32L1xx_HAL_Driver/Src/stm32l1xx_hal_cortex.o
                              0x79492 (size before relaxing)
 .debug_str     0x00079443      0x29a Drivers/STM32L1xx_HAL_Driver/Src/stm32l1xx_hal_gpio.o
                              0x78f25 (size before relaxing)
 .debug_str     0x000796dd      0x3cf Drivers/STM32L1xx_HAL_Driver/Src/stm32l1xx_hal_rcc.o
                              0x7911e (size before relaxing)
 .debug_str     0x00079aac       0x6c Src/main.o
                              0x78ef8 (size before relaxing)
 .debug_str     0x00079b18       0x1b Src/stm32l1xx_hal_msp.o
                              0x78c64 (size before relaxing)
 .debug_str     0x00079b33       0xb8 Src/stm32l1xx_it.o
                              0x78c95 (size before relaxing)
 .debug_str     0x00079beb       0x72 Src/system_stm32l1xx.o
                              0x78cfc (size before relaxing)
 .debug_str     0x00079c5d       0x2f startup/startup_stm32l100xc.o
                                 0x68 (size before relaxing)

.comment        0x00000000       0x7f
 .comment       0x00000000       0x7f Drivers/STM32L1xx_HAL_Driver/Src/stm32l1xx_hal.o
                                 0x80 (size before relaxing)
 .comment       0x0000007f       0x80 Drivers/STM32L1xx_HAL_Driver/Src/stm32l1xx_hal_cortex.o
 .comment       0x0000007f       0x80 Drivers/STM32L1xx_HAL_Driver/Src/stm32l1xx_hal_gpio.o
 .comment       0x0000007f       0x80 Drivers/STM32L1xx_HAL_Driver/Src/stm32l1xx_hal_rcc.o
 .comment       0x0000007f       0x80 Src/main.o
 .comment       0x0000007f       0x80 Src/stm32l1xx_hal_msp.o
 .comment       0x0000007f       0x80 Src/stm32l1xx_it.o
 .comment       0x0000007f       0x80 Src/system_stm32l1xx.o

.debug_frame    0x00000000      0x760
 .debug_frame   0x00000000      0x1d0 Drivers/STM32L1xx_HAL_Driver/Src/stm32l1xx_hal.o
 .debug_frame   0x000001d0      0x15c Drivers/STM32L1xx_HAL_Driver/Src/stm32l1xx_hal_cortex.o
 .debug_frame   0x0000032c       0xd8 Drivers/STM32L1xx_HAL_Driver/Src/stm32l1xx_hal_gpio.o
 .debug_frame   0x00000404      0x194 Drivers/STM32L1xx_HAL_Driver/Src/stm32l1xx_hal_rcc.o
 .debug_frame   0x00000598       0x7c Src/main.o
 .debug_frame   0x00000614       0x28 Src/stm32l1xx_hal_msp.o
 .debug_frame   0x0000063c       0xa8 Src/stm32l1xx_it.o
 .debug_frame   0x000006e4       0x30 Src/system_stm32l1xx.o
 .debug_frame   0x00000714       0x2c c:/ac6/systemworkbench/plugins/fr.ac6.mcu.externaltools.arm-none.win32_1.17.0.201812190825/tools/compiler/bin/../lib/gcc/arm-none-eabi/7.3.1/../../../../arm-none-eabi/lib/thumb/v7-m\libc_nano.a(lib_a-init.o)
 .debug_frame   0x00000740       0x20 c:/ac6/systemworkbench/plugins/fr.ac6.mcu.externaltools.arm-none.win32_1.17.0.201812190825/tools/compiler/bin/../lib/gcc/arm-none-eabi/7.3.1/../../../../arm-none-eabi/lib/thumb/v7-m\libc_nano.a(lib_a-memset.o)
